// Jest Snapshot v1, https://goo.gl/fbAQLP

exports[`<App /> Can be rendered 1`] = `
<nav
  className="kpm-menu"
>
  <ul>
    <li
      className="kpm-mobile-menu kpm-mobile"
    >
      <a
        onClick={[Function]}
      >
        <img
          alt=""
          className="kpm-profile-image"
          src="https://www-r.referens.sys.kth.se/files/thumbnail/jhsware"
        />
        <span
          className="kpm-profile-display-name"
        >
          Dr.LocalDev Server
        </span>
      </a>
    </li>
    <li
      className="kpm-profile-item kpm-desktop"
    >
      <a
        className=""
        href="#/profile"
        onClick={[Function]}
      >
        <img
          alt=""
          className="kpm-profile-image"
          src="https://www-r.referens.sys.kth.se/files/thumbnail/jhsware"
        />
        <span
          className="kpm-profile-display-name"
        >
          Dr.LocalDev Server
        </span>
      </a>
    </li>
    <li
      className="kpm-schedule-item"
    >
      <a
        href="https://www.kth.se/social/home/calendar/"
      >
        Schedule
      </a>
    </li>
    <li>
      <a
        className=""
        href="#/studies"
        onClick={[Function]}
      >
        Studies
      </a>
    </li>
    <li>
      <a
        className=""
        href="#/teaching"
        onClick={[Function]}
      >
        Teaching
      </a>
    </li>
    <li>
      <a
        className=""
        href="#/programme"
        onClick={[Function]}
      >
        Programme
      </a>
    </li>
    <li>
      <a
        className=""
        href="#/groups"
        onClick={[Function]}
      >
        Groups
      </a>
    </li>
    <li>
      <a
        className=""
        href="#/services"
        onClick={[Function]}
      >
        Services
      </a>
    </li>
    <div
      className="kpm-menu-shotcuts"
    >
      <li
        className="kpm-try"
      >
        <a
          href="https://app.kth.se/kpm/"
          title="Give us feedback or disable the beta"
        >
          <span>
            â€½
          </span>
        </a>
      </li>
      <li>
        <a
          href="https://webmail.kth.se/"
        >
          <svg
            height="1em"
            version="1.1"
            viewBox="0 -100 1000 900"
            width="1em"
            xmlns="http://www.w3.org/2000/svg"
          >
            <title>
              KTH Webmail
            </title>
            <path
              d="M 30,54 Q -2,36 2,14 4,0 28,0 h 846 q 38,0 20,32 -8,14 -24,22 -14,6 -192,102 -178,96 -182,98 -16,10 -46,10 -28,0 -46,-10 -4,-2 -182,-98 Q 44,60 30,54 Z m 850,100 q 20,-10 20,10 v 368 q 0,16 -17,32 -17,16 -33,16 H 50 Q 34,580 17,564 0,548 0,532 V 164 q 0,-20 20,-10 l 384,200 q 18,10 46,10 28,0 46,-10 z"
              fill="currentColor"
            />
          </svg>
        </a>
      </li>
      <li>
        <a
          href="https://www.kth.se/social/home/subscriptions/"
        >
          <svg
            height="1em"
            version="1"
            viewBox="0 -100 1000 900"
            width="1em"
            xmlns="http://www.w3.org/2000/svg"
          >
            <title>
              News feed
            </title>
            <desc>
              News from your courses, groups and programmes
            </desc>
            <path
              d="M290 460h350l6-2h4v92q0 40-29 70t-71 30H300L150 800V650h-50q-40 0-70-30T0 550V250q0-42 30-71t70-29h190zm610-560q42 0 71 29t29 71v300q0 40-29 70t-71 30h-50v150L700 400H350V0q0-42 30-71t70-29z"
              fill="currentColor"
            />
          </svg>
        </a>
      </li>
      <li>
        <a
          className="icon kpm-has-new-notices"
          href="https://www.kth.se/social/notifications/notice_list/"
        >
          <svg
            height="1em"
            version="1"
            viewBox="0 -100 1000 900"
            width="1em"
            xmlns="http://www.w3.org/2000/svg"
          >
            <title>
              Direct notifications
            </title>
            <path
              d="M792 202q58 138 67 258t-39 140q-28 12-61-3t-65-40q-32-25-99-41t-149-8q-28 4-42 19t-6 37q22 56 46 108 4 10 24 22t24 20q14 34-22 46-50 22-102 40-30 10-54-42-32-76-58-132-6-12-34-17t-46-31l-38 14q-34 12-74-12t-54-60q-17-32-5-79t43-61q126-52 213-108t124-103q37-47 59-92t25-78q3-33 15-59t36-36q48-20 130 70t142 228zm-28 300q8-4 10-38t-11-98q-13-64-41-128-28-66-67-123t-67-84Q560 4 552 8t-10 42q-2 38 10 105t40 133q28 66 68 119t68 76q28 23 36 19z"
              fill="currentColor"
            />
          </svg>
          <span
            className="kpm-notice-new"
          >
            3
          </span>
          <span
            className="kpm-notice-new-trail"
          >
            new
          </span>
        </a>
      </li>
    </div>
    <li
      className="kpm-profile-item kpm-mobile"
    >
      <a
        className=""
        href="#/profile"
        onClick={[Function]}
      >
        <img
          alt=""
          className="kpm-profile-image"
          src="https://www-r.referens.sys.kth.se/files/thumbnail/jhsware"
        />
        Profile
      </a>
    </li>
    <li
      className="kpm-mobile-logout kpm-mobile"
    >
      <a
        href="/kpm/auth/logout"
      >
        Logout
      </a>
    </li>
  </ul>
  <div
    className="kpm-loading-indicator"
  />
</nav>
`;
