// Jest Snapshot v1, https://goo.gl/fbAQLP

exports[`<Profile /> Can be rendered 1`] = `
<dialog
  className="kpm-modal"
>
  <button
    className="kpm-modal-back-button kpm-mobile"
    onClick={[Function]}
  >
    Back to Personal Menu
  </button>
  <div
    className="kpm-modal-content kpm-profile"
  >
    <header
      className="kpm-modal-content-header"
    >
      <h2>
        Dr.LocalDev - Settings
      </h2>
      <aside
        className="kpm-modal-content-header-actions"
      >
        <button
          className="kpm-button change-lang"
          lang="sv"
          onClick={[Function]}
        >
          PÃ¥ svenska
        </button>
        <a
          className="kpm-button"
          href="/kpm/auth/logout"
        >
          Logout
        </a>
      </aside>
    </header>
    <div
      className="kpm-col"
    >
      <h3
        className="kpm-col-header"
      >
        About me
      </h3>
      <ul>
        <li>
          <a
            className="kpm-profile-link"
            href="https://www.kth.se/profile/jhsware/"
          >
            <img
              alt="Profile Image"
              src="https://www.kth.se/files/thumbnail/jhsware"
            />
            My Profile
          </a>
        </li>
        <li>
          <a
            href="https://www.kth.se/emailforward"
          >
            Forward KTH email
          </a>
        </li>
        <li>
          <a
            href="https://www.student.ladok.se/student/app/studentwebb/mina-uppgifter"
          >
            Contact details
          </a>
           
          (in LADOK)
        </li>
      </ul>
    </div>
    <div
      className="kpm-col"
    >
      <h3
        className="kpm-col-header"
      >
        My Settings
      </h3>
      <ul>
        <li>
          <a
            href="https://www.kth.se/social/home/settings/"
          >
            Subscriptions, my schedule
          </a>
        </li>
        <li>
          <a
            href="https://www.kth.se/social/home/calendar/settings/"
          >
            Export My schedule (e.g. to your mobile phone)
          </a>
        </li>
        <li>
          <a
            href="https://login.sys.kth.se/peap.html"
          >
            Wireless network
          </a>
        </li>
        <li>
          <a
            href="https://login.kth.se/password/change"
          >
            Change password
          </a>
        </li>
      </ul>
    </div>
  </div>
</dialog>
`;
